[     100ms] [INFO] %cDownload the React DevTools for a better development experience: https://react.dev/link/react-devtools font-weight:bold @ http://localhost:3000/_next/static/chunks/1yi7_react-dom_1papa4l._.js:15305
[     104ms] [LOG] [HMR] connected @ http://localhost:3000/_next/static/chunks/1y1v_next_dist_1krwcwl._.js:1226
[     104ms] [WARNING] [HMR] Invalid message: {"type":"isrManifest","data":{"/app/live-interview":true,"/app/apply":true,"/app/resume-generate":true,"/app/resume":true,"/app/matches":true,"/app/job-profiles":true,"/app/signup":true,"/":true}}
TypeError: Cannot read properties of undefined (reading 'components')
    at handleStaticIndicator (http://localhost:3000/_next/static/chunks/1y1v_next_dist_client_02myix4._.js:2792:46)
    at processMessage (http://localhost:3000/_next/static/chunks/1y1v_next_dist_client_02myix4._.js:2806:17)
    at http://localhost:3000/_next/static/chunks/1y1v_next_dist_client_02myix4._.js:2680:13
    at WebSocket.handleMessage (http://localhost:3000/_next/static/chunks/1y1v_next_dist_client_02myix4._.js:2325:17) @ http://localhost:3000/_next/static/chunks/1y1v_next_dist_1krwcwl._.js:1226
[    7928ms] [LOG] [Fast Refresh] rebuilding @ http://localhost:3000/_next/static/chunks/1y1v_next_dist_1krwcwl._.js:1226
[    8030ms] [LOG] [Fast Refresh] done in 204ms @ http://localhost:3000/_next/static/chunks/1y1v_next_dist_1krwcwl._.js:1226
[ 9884296ms] [LOG] [Fast Refresh] rebuilding @ http://localhost:3000/_next/static/chunks/1y1v_next_dist_1krwcwl._.js:1226
[ 9884514ms] [LOG] [Fast Refresh] done in 320ms @ http://localhost:3000/_next/static/chunks/1y1v_next_dist_1krwcwl._.js:1226
[ 9967580ms] [LOG] [Fast Refresh] rebuilding @ http://localhost:3000/_next/static/chunks/1y1v_next_dist_1krwcwl._.js:1226
[ 9967749ms] [LOG] [Fast Refresh] done in 270ms @ http://localhost:3000/_next/static/chunks/1y1v_next_dist_1krwcwl._.js:1226
[10097092ms] [LOG] [Fast Refresh] rebuilding @ http://localhost:3000/_next/static/chunks/1y1v_next_dist_1krwcwl._.js:1226
[10097254ms] [LOG] [Fast Refresh] done in 263ms @ http://localhost:3000/_next/static/chunks/1y1v_next_dist_1krwcwl._.js:1226
[10109976ms] [LOG] [Fast Refresh] rebuilding @ http://localhost:3000/_next/static/chunks/1y1v_next_dist_1krwcwl._.js:1226
[10110179ms] [LOG] [Fast Refresh] done in 305ms @ http://localhost:3000/_next/static/chunks/1y1v_next_dist_1krwcwl._.js:1226
[10223553ms] [LOG] [HMR] connected @ http://localhost:3000/_next/static/chunks/1y1v_next_dist_1krwcwl._.js:1226
[11463165ms] [INFO] %cDownload the React DevTools for a better development experience: https://react.dev/link/react-devtools font-weight:bold @ http://localhost:3000/_next/static/chunks/1yi7_react-dom_1papa4l._.js:15305
[11463178ms] [LOG] [HMR] connected @ http://localhost:3000/_next/static/chunks/1y1v_next_dist_1krwcwl._.js:1226
[11464760ms] [LOG] [Fast Refresh] rebuilding @ http://localhost:3000/_next/static/chunks/1y1v_next_dist_1krwcwl._.js:1226
[11466057ms] [LOG] [Fast Refresh] done in 1397ms @ http://localhost:3000/_next/static/chunks/1y1v_next_dist_1krwcwl._.js:1226
