[    2908ms] [INFO] %cDownload the React DevTools for a better development experience: https://react.dev/link/react-devtools font-weight:bold @ http://localhost:3001/_next/static/chunks/02d5_react-dom_0e56qtj._.js:15305
[    2951ms] [LOG] [HMR] connected @ http://localhost:3001/_next/static/chunks/1p6o_next_dist_0q220j8._.js:1226
[   22822ms] [LOG] [Fast Refresh] rebuilding @ http://localhost:3001/_next/static/chunks/1p6o_next_dist_0q220j8._.js:1226
[   23042ms] [LOG] [Fast Refresh] done in 321ms @ http://localhost:3001/_next/static/chunks/1p6o_next_dist_0q220j8._.js:1226
[   42026ms] [LOG] [Fast Refresh] rebuilding @ http://localhost:3001/_next/static/chunks/1p6o_next_dist_0q220j8._.js:1226
[   42087ms] [LOG] [Fast Refresh] done in 162ms @ http://localhost:3001/_next/static/chunks/1p6o_next_dist_0q220j8._.js:1226
[  249703ms] [LOG] [Fast Refresh] rebuilding @ http://localhost:3001/_next/static/chunks/1p6o_next_dist_0q220j8._.js:1226
[  249863ms] [LOG] [Fast Refresh] done in 261ms @ http://localhost:3001/_next/static/chunks/1p6o_next_dist_0q220j8._.js:1226
[  256481ms] [LOG] [Fast Refresh] rebuilding @ http://localhost:3001/_next/static/chunks/1p6o_next_dist_0q220j8._.js:1226
[  256488ms] [LOG] [Fast Refresh] done in 107ms @ http://localhost:3001/_next/static/chunks/1p6o_next_dist_0q220j8._.js:1226
[  264353ms] [LOG] [Fast Refresh] rebuilding @ http://localhost:3001/_next/static/chunks/1p6o_next_dist_0q220j8._.js:1226
[  264407ms] [LOG] [Fast Refresh] done in 156ms @ http://localhost:3001/_next/static/chunks/1p6o_next_dist_0q220j8._.js:1226
[  765688ms] [LOG] [Fast Refresh] rebuilding @ http://localhost:3001/_next/static/chunks/1p6o_next_dist_0q220j8._.js:1226
[  765709ms] [LOG] [Fast Refresh] done in 126ms @ http://localhost:3001/_next/static/chunks/1p6o_next_dist_0q220j8._.js:1226
[  775923ms] [LOG] [Fast Refresh] rebuilding @ http://localhost:3001/_next/static/chunks/1p6o_next_dist_0q220j8._.js:1226
[  775945ms] [LOG] [Fast Refresh] done in 123ms @ http://localhost:3001/_next/static/chunks/1p6o_next_dist_0q220j8._.js:1226
[  782311ms] [LOG] [Fast Refresh] rebuilding @ http://localhost:3001/_next/static/chunks/1p6o_next_dist_0q220j8._.js:1226
[  782331ms] [LOG] [Fast Refresh] done in 120ms @ http://localhost:3001/_next/static/chunks/1p6o_next_dist_0q220j8._.js:1226
[  790456ms] [LOG] [Fast Refresh] rebuilding @ http://localhost:3001/_next/static/chunks/1p6o_next_dist_0q220j8._.js:1226
[  790578ms] [LOG] [Fast Refresh] done in 226ms @ http://localhost:3001/_next/static/chunks/1p6o_next_dist_0q220j8._.js:1226
[  803007ms] [LOG] [Fast Refresh] rebuilding @ http://localhost:3001/_next/static/chunks/1p6o_next_dist_0q220j8._.js:1226
[  804582ms] [LOG] [Fast Refresh] done in 1676ms @ http://localhost:3001/_next/static/chunks/1p6o_next_dist_0q220j8._.js:1226
[  816512ms] [LOG] [Fast Refresh] rebuilding @ http://localhost:3001/_next/static/chunks/1p6o_next_dist_0q220j8._.js:1226
[  816557ms] [LOG] [Fast Refresh] done in 147ms @ http://localhost:3001/_next/static/chunks/1p6o_next_dist_0q220j8._.js:1226
[  827831ms] [LOG] [Fast Refresh] rebuilding @ http://localhost:3001/_next/static/chunks/1p6o_next_dist_0q220j8._.js:1226
[  827876ms] [LOG] [Fast Refresh] done in 145ms @ http://localhost:3001/_next/static/chunks/1p6o_next_dist_0q220j8._.js:1226
[  838273ms] [LOG] [Fast Refresh] rebuilding @ http://localhost:3001/_next/static/chunks/1p6o_next_dist_0q220j8._.js:1226
[  838329ms] [LOG] [Fast Refresh] done in 156ms @ http://localhost:3001/_next/static/chunks/1p6o_next_dist_0q220j8._.js:1226
[  852878ms] [LOG] [Fast Refresh] rebuilding @ http://localhost:3001/_next/static/chunks/1p6o_next_dist_0q220j8._.js:1226
[  852973ms] [LOG] [Fast Refresh] done in 197ms @ http://localhost:3001/_next/static/chunks/1p6o_next_dist_0q220j8._.js:1226
[  862385ms] [LOG] [Fast Refresh] rebuilding @ http://localhost:3001/_next/static/chunks/1p6o_next_dist_0q220j8._.js:1226
[  862485ms] [LOG] [Fast Refresh] done in 202ms @ http://localhost:3001/_next/static/chunks/1p6o_next_dist_0q220j8._.js:1226
[  867370ms] [LOG] [Fast Refresh] rebuilding @ http://localhost:3001/_next/static/chunks/1p6o_next_dist_0q220j8._.js:1226
[  867843ms] [LOG] [Fast Refresh] done in 573ms @ http://localhost:3001/_next/static/chunks/1p6o_next_dist_0q220j8._.js:1226
[  872197ms] [LOG] [Fast Refresh] rebuilding @ http://localhost:3001/_next/static/chunks/1p6o_next_dist_0q220j8._.js:1226
[  872284ms] [LOG] [Fast Refresh] done in 187ms @ http://localhost:3001/_next/static/chunks/1p6o_next_dist_0q220j8._.js:1226
[  875335ms] [LOG] [Fast Refresh] rebuilding @ http://localhost:3001/_next/static/chunks/1p6o_next_dist_0q220j8._.js:1226
[  875378ms] [LOG] [Fast Refresh] done in 145ms @ http://localhost:3001/_next/static/chunks/1p6o_next_dist_0q220j8._.js:1226
[  879550ms] [LOG] [Fast Refresh] rebuilding @ http://localhost:3001/_next/static/chunks/1p6o_next_dist_0q220j8._.js:1226
[  879603ms] [LOG] [Fast Refresh] done in 155ms @ http://localhost:3001/_next/static/chunks/1p6o_next_dist_0q220j8._.js:1226
[  891647ms] [LOG] [Fast Refresh] rebuilding @ http://localhost:3001/_next/static/chunks/1p6o_next_dist_0q220j8._.js:1226
[  891674ms] [LOG] [Fast Refresh] done in 129ms @ http://localhost:3001/_next/static/chunks/1p6o_next_dist_0q220j8._.js:1226
[  911107ms] [LOG] [Fast Refresh] rebuilding @ http://localhost:3001/_next/static/chunks/1p6o_next_dist_0q220j8._.js:1226
[  911204ms] [LOG] [Fast Refresh] done in 198ms @ http://localhost:3001/_next/static/chunks/1p6o_next_dist_0q220j8._.js:1226
[  940199ms] [LOG] [Fast Refresh] rebuilding @ http://localhost:3001/_next/static/chunks/1p6o_next_dist_0q220j8._.js:1226
[  940841ms] [LOG] [Fast Refresh] done in 745ms @ http://localhost:3001/_next/static/chunks/1p6o_next_dist_0q220j8._.js:1226
[ 1176153ms] [LOG] [HMR] connected @ http://localhost:3001/_next/static/chunks/1p6o_next_dist_0q220j8._.js:1226
[ 7524858ms] [LOG] [Fast Refresh] rebuilding @ http://localhost:3001/_next/static/chunks/1p6o_next_dist_0q220j8._.js:1226
[ 7525287ms] [LOG] [Fast Refresh] done in 536ms @ http://localhost:3001/_next/static/chunks/1p6o_next_dist_0q220j8._.js:1226
[ 7676592ms] [LOG] [Fast Refresh] rebuilding @ http://localhost:3001/_next/static/chunks/1p6o_next_dist_0q220j8._.js:1226
[ 7676650ms] [LOG] [Fast Refresh] done in 160ms @ http://localhost:3001/_next/static/chunks/1p6o_next_dist_0q220j8._.js:1226
[ 7676840ms] [WARNING] Detected `scroll-behavior: smooth` on the `<html>` element. To disable smooth scrolling during route transitions, add `data-scroll-behavior="smooth"` to your <html> element. Learn more: https://nextjs.org/docs/messages/missing-data-scroll-behavior @ http://localhost:3001/_next/static/chunks/1p6o_next_dist_0q220j8._.js:1226
[ 7682258ms] [LOG] [Fast Refresh] rebuilding @ http://localhost:3001/_next/static/chunks/1p6o_next_dist_0q220j8._.js:1226
[ 7690175ms] [LOG] [Fast Refresh] done in 8018ms @ http://localhost:3001/_next/static/chunks/1p6o_next_dist_0q220j8._.js:1226
[ 7690281ms] [LOG] [Fast Refresh] rebuilding @ http://localhost:3001/_next/static/chunks/1p6o_next_dist_0q220j8._.js:1226
[ 7690477ms] [LOG] [Fast Refresh] done in 300ms @ http://localhost:3001/_next/static/chunks/1p6o_next_dist_0q220j8._.js:1226
[ 7729122ms] [LOG] [Fast Refresh] rebuilding @ http://localhost:3001/_next/static/chunks/1p6o_next_dist_0q220j8._.js:1226
[ 7729658ms] [LOG] [Fast Refresh] done in 639ms @ http://localhost:3001/_next/static/chunks/1p6o_next_dist_0q220j8._.js:1226
[ 7731115ms] [LOG] [Fast Refresh] rebuilding @ http://localhost:3001/_next/static/chunks/1p6o_next_dist_0q220j8._.js:1226
[ 7731194ms] [LOG] [Fast Refresh] done in 181ms @ http://localhost:3001/_next/static/chunks/1p6o_next_dist_0q220j8._.js:1226
[ 7732541ms] [LOG] [Fast Refresh] rebuilding @ http://localhost:3001/_next/static/chunks/1p6o_next_dist_0q220j8._.js:1226
[ 7732575ms] [LOG] [Fast Refresh] done in 134ms @ http://localhost:3001/_next/static/chunks/1p6o_next_dist_0q220j8._.js:1226
[ 7734313ms] [LOG] [Fast Refresh] rebuilding @ http://localhost:3001/_next/static/chunks/1p6o_next_dist_0q220j8._.js:1226
[ 7734859ms] [LOG] [Fast Refresh] done in 648ms @ http://localhost:3001/_next/static/chunks/1p6o_next_dist_0q220j8._.js:1226
[ 7735499ms] [LOG] [Fast Refresh] rebuilding @ http://localhost:3001/_next/static/chunks/1p6o_next_dist_0q220j8._.js:1226
[ 7735623ms] [LOG] [Fast Refresh] done in 226ms @ http://localhost:3001/_next/static/chunks/1p6o_next_dist_0q220j8._.js:1226
[ 8405488ms] [LOG] [Fast Refresh] rebuilding @ http://localhost:3001/_next/static/chunks/1p6o_next_dist_0q220j8._.js:1226
[ 8405540ms] [VERBOSE] [DOM] Password field is not contained in a form: (More info: https://goo.gl/9p2vKq) %o @ http://localhost:3001/app/login:0
[ 8405640ms] [LOG] [Fast Refresh] done in 254ms @ http://localhost:3001/_next/static/chunks/1p6o_next_dist_0q220j8._.js:1226
[ 8673963ms] [LOG] [Fast Refresh] rebuilding @ http://localhost:3001/_next/static/chunks/1p6o_next_dist_0q220j8._.js:1226
[ 8674229ms] [LOG] [Fast Refresh] done in 367ms @ http://localhost:3001/_next/static/chunks/1p6o_next_dist_0q220j8._.js:1226
[ 8674494ms] [INFO] %cDownload the React DevTools for a better development experience: https://react.dev/link/react-devtools font-weight:bold @ http://localhost:3001/_next/static/chunks/02d5_react-dom_0e56qtj._.js:15305
[ 8674537ms] [LOG] [HMR] connected @ http://localhost:3001/_next/static/chunks/1p6o_next_dist_0q220j8._.js:1226
[ 8724349ms] [LOG] [HMR] connected @ http://localhost:3001/_next/static/chunks/1p6o_next_dist_0q220j8._.js:1226
[23242475ms] [LOG] [Fast Refresh] rebuilding @ http://localhost:3001/_next/static/chunks/1p6o_next_dist_0q220j8._.js:1226
[23242998ms] [INFO] %cDownload the React DevTools for a better development experience: https://react.dev/link/react-devtools font-weight:bold @ http://localhost:3001/_next/static/chunks/02d5_react-dom_0e56qtj._.js:15305
[23243184ms] [LOG] [HMR] connected @ http://localhost:3001/_next/static/chunks/1p6o_next_dist_0q220j8._.js:1226
[23502717ms] [LOG] [Fast Refresh] rebuilding @ http://localhost:3001/_next/static/chunks/1p6o_next_dist_0q220j8._.js:1226
[23506196ms] [LOG] [Fast Refresh] done in 3548ms @ http://localhost:3001/_next/static/chunks/1p6o_next_dist_0q220j8._.js:1226
[23797183ms] [LOG] [Fast Refresh] rebuilding @ http://localhost:3001/_next/static/chunks/1p6o_next_dist_0q220j8._.js:1226
[23801523ms] [LOG] [Fast Refresh] done in 4447ms @ http://localhost:3001/_next/static/chunks/1p6o_next_dist_0q220j8._.js:1226
[23801629ms] [LOG] [Fast Refresh] rebuilding @ http://localhost:3001/_next/static/chunks/1p6o_next_dist_0q220j8._.js:1226
[23802106ms] [LOG] [Fast Refresh] done in 532ms @ http://localhost:3001/_next/static/chunks/1p6o_next_dist_0q220j8._.js:1226
[23806018ms] [LOG] [Fast Refresh] rebuilding @ http://localhost:3001/_next/static/chunks/1p6o_next_dist_0q220j8._.js:1226
[23807198ms] [LOG] [Fast Refresh] done in 1259ms @ http://localhost:3001/_next/static/chunks/1p6o_next_dist_0q220j8._.js:1226
[23826723ms] [LOG] [Fast Refresh] rebuilding @ http://localhost:3001/_next/static/chunks/1p6o_next_dist_0q220j8._.js:1226
[23827639ms] [LOG] [Fast Refresh] done in 1019ms @ http://localhost:3001/_next/static/chunks/1p6o_next_dist_0q220j8._.js:1226
[23828638ms] [LOG] [Fast Refresh] rebuilding @ http://localhost:3001/_next/static/chunks/1p6o_next_dist_0q220j8._.js:1226
[23829583ms] [LOG] [Fast Refresh] done in 1046ms @ http://localhost:3001/_next/static/chunks/1p6o_next_dist_0q220j8._.js:1226
[23830746ms] [LOG] [Fast Refresh] rebuilding @ http://localhost:3001/_next/static/chunks/1p6o_next_dist_0q220j8._.js:1226
[23831562ms] [LOG] [Fast Refresh] done in 919ms @ http://localhost:3001/_next/static/chunks/1p6o_next_dist_0q220j8._.js:1226
[23832793ms] [LOG] [Fast Refresh] rebuilding @ http://localhost:3001/_next/static/chunks/1p6o_next_dist_0q220j8._.js:1226
[23833986ms] [LOG] [Fast Refresh] done in 1294ms @ http://localhost:3001/_next/static/chunks/1p6o_next_dist_0q220j8._.js:1226
[23834734ms] [LOG] [Fast Refresh] rebuilding @ http://localhost:3001/_next/static/chunks/1p6o_next_dist_0q220j8._.js:1226
[23835564ms] [LOG] [Fast Refresh] done in 932ms @ http://localhost:3001/_next/static/chunks/1p6o_next_dist_0q220j8._.js:1226
[23837058ms] [LOG] [Fast Refresh] rebuilding @ http://localhost:3001/_next/static/chunks/1p6o_next_dist_0q220j8._.js:1226
[23837060ms] [LOG] [Fast Refresh] done in 105ms @ http://localhost:3001/_next/static/chunks/1p6o_next_dist_0q220j8._.js:1226
[23837162ms] [LOG] [Fast Refresh] rebuilding @ http://localhost:3001/_next/static/chunks/1p6o_next_dist_0q220j8._.js:1226
[23838117ms] [LOG] [Fast Refresh] done in 1056ms @ http://localhost:3001/_next/static/chunks/1p6o_next_dist_0q220j8._.js:1226
[23844225ms] [LOG] [Fast Refresh] rebuilding @ http://localhost:3001/_next/static/chunks/1p6o_next_dist_0q220j8._.js:1226
[23844493ms] [LOG] [Fast Refresh] done in 239ms @ http://localhost:3001/_next/static/chunks/1p6o_next_dist_0q220j8._.js:1226
[23852131ms] [LOG] [Fast Refresh] rebuilding @ http://localhost:3001/_next/static/chunks/1p6o_next_dist_0q220j8._.js:1226
[23852346ms] [LOG] [Fast Refresh] done in 164ms @ http://localhost:3001/_next/static/chunks/1p6o_next_dist_0q220j8._.js:1226
[23856693ms] [LOG] [Fast Refresh] rebuilding @ http://localhost:3001/_next/static/chunks/1p6o_next_dist_0q220j8._.js:1226
[23856918ms] [LOG] [Fast Refresh] done in 326ms @ http://localhost:3001/_next/static/chunks/1p6o_next_dist_0q220j8._.js:1226
[23868600ms] [LOG] [Fast Refresh] rebuilding @ http://localhost:3001/_next/static/chunks/1p6o_next_dist_0q220j8._.js:1226
[23869407ms] [LOG] [Fast Refresh] done in 909ms @ http://localhost:3001/_next/static/chunks/1p6o_next_dist_0q220j8._.js:1226
[23876845ms] [LOG] [Fast Refresh] rebuilding @ http://localhost:3001/_next/static/chunks/1p6o_next_dist_0q220j8._.js:1226
[23877145ms] [LOG] [Fast Refresh] done in 401ms @ http://localhost:3001/_next/static/chunks/1p6o_next_dist_0q220j8._.js:1226
[23877615ms] [LOG] [Fast Refresh] rebuilding @ http://localhost:3001/_next/static/chunks/1p6o_next_dist_0q220j8._.js:1226
[23878321ms] [LOG] [Fast Refresh] done in 808ms @ http://localhost:3001/_next/static/chunks/1p6o_next_dist_0q220j8._.js:1226
[23880091ms] [LOG] [Fast Refresh] rebuilding @ http://localhost:3001/_next/static/chunks/1p6o_next_dist_0q220j8._.js:1226
[23880287ms] [LOG] [Fast Refresh] done in 298ms @ http://localhost:3001/_next/static/chunks/1p6o_next_dist_0q220j8._.js:1226
[23889018ms] [LOG] [Fast Refresh] rebuilding @ http://localhost:3001/_next/static/chunks/1p6o_next_dist_0q220j8._.js:1226
[23889751ms] [LOG] [Fast Refresh] done in 835ms @ http://localhost:3001/_next/static/chunks/1p6o_next_dist_0q220j8._.js:1226
[23894614ms] [LOG] [Fast Refresh] rebuilding @ http://localhost:3001/_next/static/chunks/1p6o_next_dist_0q220j8._.js:1226
[23894789ms] [LOG] [Fast Refresh] done in 277ms @ http://localhost:3001/_next/static/chunks/1p6o_next_dist_0q220j8._.js:1226
[23920166ms] [LOG] [Fast Refresh] rebuilding @ http://localhost:3001/_next/static/chunks/1p6o_next_dist_0q220j8._.js:1226
[23924204ms] [LOG] [Fast Refresh] done in 4117ms @ http://localhost:3001/_next/static/chunks/1p6o_next_dist_0q220j8._.js:1226
[23926884ms] [LOG] [Fast Refresh] rebuilding @ http://localhost:3001/_next/static/chunks/1p6o_next_dist_0q220j8._.js:1226
[23928162ms] [LOG] [Fast Refresh] done in 1380ms @ http://localhost:3001/_next/static/chunks/1p6o_next_dist_0q220j8._.js:1226
[23930061ms] [LOG] [Fast Refresh] rebuilding @ http://localhost:3001/_next/static/chunks/1p6o_next_dist_0q220j8._.js:1226
[23930362ms] [LOG] [Fast Refresh] done in 402ms @ http://localhost:3001/_next/static/chunks/1p6o_next_dist_0q220j8._.js:1226
[23930696ms] [LOG] [Fast Refresh] rebuilding @ http://localhost:3001/_next/static/chunks/1p6o_next_dist_0q220j8._.js:1226
[23930828ms] [LOG] [Fast Refresh] done in 233ms @ http://localhost:3001/_next/static/chunks/1p6o_next_dist_0q220j8._.js:1226
[23931918ms] [LOG] [Fast Refresh] rebuilding @ http://localhost:3001/_next/static/chunks/1p6o_next_dist_0q220j8._.js:1226
[23932725ms] [LOG] [Fast Refresh] done in 908ms @ http://localhost:3001/_next/static/chunks/1p6o_next_dist_0q220j8._.js:1226
[23933921ms] [LOG] [Fast Refresh] rebuilding @ http://localhost:3001/_next/static/chunks/1p6o_next_dist_0q220j8._.js:1226
[23934476ms] [LOG] [Fast Refresh] done in 656ms @ http://localhost:3001/_next/static/chunks/1p6o_next_dist_0q220j8._.js:1226
[24017237ms] [LOG] [Fast Refresh] rebuilding @ http://localhost:3001/_next/static/chunks/1p6o_next_dist_0q220j8._.js:1226
[24018461ms] [LOG] [Fast Refresh] done in 1323ms @ http://localhost:3001/_next/static/chunks/1p6o_next_dist_0q220j8._.js:1226
[24356307ms] [LOG] [Fast Refresh] rebuilding @ http://localhost:3001/_next/static/chunks/1p6o_next_dist_0q220j8._.js:1226
[24356762ms] [LOG] [Fast Refresh] done in 570ms @ http://localhost:3001/_next/static/chunks/1p6o_next_dist_0q220j8._.js:1226
[24357122ms] [LOG] [Fast Refresh] rebuilding @ http://localhost:3001/_next/static/chunks/1p6o_next_dist_0q220j8._.js:1226
[24358821ms] [LOG] [Fast Refresh] done in 1803ms @ http://localhost:3001/_next/static/chunks/1p6o_next_dist_0q220j8._.js:1226
[24404327ms] [LOG] [Fast Refresh] rebuilding @ http://localhost:3001/_next/static/chunks/1p6o_next_dist_0q220j8._.js:1226
[24404854ms] [LOG] [Fast Refresh] done in 637ms @ http://localhost:3001/_next/static/chunks/1p6o_next_dist_0q220j8._.js:1226
[24405031ms] [LOG] [Fast Refresh] rebuilding @ http://localhost:3001/_next/static/chunks/1p6o_next_dist_0q220j8._.js:1226
[24405073ms] [LOG] [Fast Refresh] done in 144ms @ http://localhost:3001/_next/static/chunks/1p6o_next_dist_0q220j8._.js:1226
[24405535ms] [LOG] [Fast Refresh] rebuilding @ http://localhost:3001/_next/static/chunks/1p6o_next_dist_0q220j8._.js:1226
[24405872ms] [LOG] [Fast Refresh] done in 437ms @ http://localhost:3001/_next/static/chunks/1p6o_next_dist_0q220j8._.js:1226
[24437904ms] [LOG] [Fast Refresh] rebuilding @ http://localhost:3001/_next/static/chunks/1p6o_next_dist_0q220j8._.js:1226
[24438874ms] [LOG] [Fast Refresh] done in 1072ms @ http://localhost:3001/_next/static/chunks/1p6o_next_dist_0q220j8._.js:1226
[24445848ms] [LOG] [Fast Refresh] rebuilding @ http://localhost:3001/_next/static/chunks/1p6o_next_dist_0q220j8._.js:1226
[24445872ms] [LOG] [Fast Refresh] done in 128ms @ http://localhost:3001/_next/static/chunks/1p6o_next_dist_0q220j8._.js:1226
[24445998ms] [LOG] [Fast Refresh] rebuilding @ http://localhost:3001/_next/static/chunks/1p6o_next_dist_0q220j8._.js:1226
[24446688ms] [LOG] [Fast Refresh] done in 790ms @ http://localhost:3001/_next/static/chunks/1p6o_next_dist_0q220j8._.js:1226
[24446852ms] [LOG] [Fast Refresh] rebuilding @ http://localhost:3001/_next/static/chunks/1p6o_next_dist_0q220j8._.js:1226
[24447039ms] [LOG] [Fast Refresh] done in 287ms @ http://localhost:3001/_next/static/chunks/1p6o_next_dist_0q220j8._.js:1226
[24447190ms] [LOG] [Fast Refresh] rebuilding @ http://localhost:3001/_next/static/chunks/1p6o_next_dist_0q220j8._.js:1226
[24447413ms] [LOG] [Fast Refresh] done in 326ms @ http://localhost:3001/_next/static/chunks/1p6o_next_dist_0q220j8._.js:1226
[24465757ms] [LOG] [Fast Refresh] rebuilding @ http://localhost:3001/_next/static/chunks/1p6o_next_dist_0q220j8._.js:1226
[24465901ms] [LOG] [Fast Refresh] done in 246ms @ http://localhost:3001/_next/static/chunks/1p6o_next_dist_0q220j8._.js:1226
[24492336ms] [LOG] [Fast Refresh] rebuilding @ http://localhost:3001/_next/static/chunks/1p6o_next_dist_0q220j8._.js:1226
[24492510ms] [LOG] [Fast Refresh] done in 277ms @ http://localhost:3001/_next/static/chunks/1p6o_next_dist_0q220j8._.js:1226
[24494041ms] [LOG] [Fast Refresh] rebuilding @ http://localhost:3001/_next/static/chunks/1p6o_next_dist_0q220j8._.js:1226
[24494080ms] [LOG] [Fast Refresh] done in 140ms @ http://localhost:3001/_next/static/chunks/1p6o_next_dist_0q220j8._.js:1226
[24501984ms] [INFO] %cDownload the React DevTools for a better development experience: https://react.dev/link/react-devtools font-weight:bold @ http://localhost:3000/_next/static/chunks/1yi7_react-dom_1papa4l._.js:15305
[24502055ms] [LOG] [HMR] connected @ http://localhost:3000/_next/static/chunks/1z9r_next_dist_0bkp3wz._.js:1226
