[      -3ms] [INFO] %cDownload the React DevTools for a better development experience: https://react.dev/link/react-devtools font-weight:bold @ http://localhost:3001/_next/static/chunks/1yi7_react-dom_1papa4l._.js:15305
[      47ms] [LOG] [HMR] connected @ http://localhost:3001/_next/static/chunks/1z9r_next_dist_0bkp3wz._.js:1226
[    7045ms] [INFO] %cDownload the React DevTools for a better development experience: https://react.dev/link/react-devtools font-weight:bold @ http://localhost:3001/_next/static/chunks/1yi7_react-dom_1papa4l._.js:15305
[    7055ms] [LOG] [HMR] connected @ http://localhost:3001/_next/static/chunks/1z9r_next_dist_0bkp3wz._.js:1226
[  116689ms] [INFO] %cDownload the React DevTools for a better development experience: https://react.dev/link/react-devtools font-weight:bold @ http://localhost:3001/_next/static/chunks/1yi7_react-dom_1papa4l._.js:15305
[  116695ms] [LOG] [HMR] connected @ http://localhost:3001/_next/static/chunks/1z9r_next_dist_0bkp3wz._.js:1226
[  287872ms] [INFO] %cDownload the React DevTools for a better development experience: https://react.dev/link/react-devtools font-weight:bold @ http://localhost:3001/_next/static/chunks/1yi7_react-dom_1papa4l._.js:15305
[  287879ms] [LOG] [HMR] connected @ http://localhost:3001/_next/static/chunks/1z9r_next_dist_0bkp3wz._.js:1226
[  335638ms] [WARNING] Detected `scroll-behavior: smooth` on the `<html>` element. To disable smooth scrolling during route transitions, add `data-scroll-behavior="smooth"` to your <html> element. Learn more: https://nextjs.org/docs/messages/missing-data-scroll-behavior @ http://localhost:3001/_next/static/chunks/1z9r_next_dist_0bkp3wz._.js:1226
[  440719ms] [INFO] %cDownload the React DevTools for a better development experience: https://react.dev/link/react-devtools font-weight:bold @ http://localhost:3001/_next/static/chunks/1yi7_react-dom_1papa4l._.js:15305
[  440729ms] [LOG] [HMR] connected @ http://localhost:3001/_next/static/chunks/1z9r_next_dist_0bkp3wz._.js:1226
[  517997ms] [INFO] %cDownload the React DevTools for a better development experience: https://react.dev/link/react-devtools font-weight:bold @ http://localhost:3001/_next/static/chunks/1yi7_react-dom_1papa4l._.js:15305
[  518004ms] [LOG] [HMR] connected @ http://localhost:3001/_next/static/chunks/1z9r_next_dist_0bkp3wz._.js:1226
[  577400ms] [INFO] %cDownload the React DevTools for a better development experience: https://react.dev/link/react-devtools font-weight:bold @ http://localhost:3001/_next/static/chunks/1yi7_react-dom_1papa4l._.js:15305
[  577415ms] [LOG] [HMR] connected @ http://localhost:3001/_next/static/chunks/1z9r_next_dist_0bkp3wz._.js:1226
[  634549ms] [INFO] %cDownload the React DevTools for a better development experience: https://react.dev/link/react-devtools font-weight:bold @ http://localhost:3001/_next/static/chunks/1yi7_react-dom_1papa4l._.js:15305
[  634567ms] [LOG] [HMR] connected @ http://localhost:3001/_next/static/chunks/1z9r_next_dist_0bkp3wz._.js:1226
[  663083ms] [LOG] [Fast Refresh] rebuilding @ http://localhost:3001/_next/static/chunks/1z9r_next_dist_0bkp3wz._.js:1226
[  664529ms] [LOG] [Fast Refresh] done in 1518ms @ http://localhost:3001/_next/static/chunks/1z9r_next_dist_0bkp3wz._.js:1226
[  673578ms] [LOG] [Fast Refresh] rebuilding @ http://localhost:3001/_next/static/chunks/1z9r_next_dist_0bkp3wz._.js:1226
[  673685ms] [INFO] %cDownload the React DevTools for a better development experience: https://react.dev/link/react-devtools font-weight:bold @ http://localhost:3001/_next/static/chunks/1yi7_react-dom_1papa4l._.js:15305
[  673696ms] [LOG] [HMR] connected @ http://localhost:3001/_next/static/chunks/1z9r_next_dist_0bkp3wz._.js:1226
[  674177ms] [LOG] [Fast Refresh] rebuilding @ http://localhost:3001/_next/static/chunks/1z9r_next_dist_0bkp3wz._.js:1226
[  674268ms] [LOG] [Fast Refresh] done in 165ms @ http://localhost:3001/_next/static/chunks/1z9r_next_dist_0bkp3wz._.js:1226
[  685354ms] [LOG] [Fast Refresh] rebuilding @ http://localhost:3001/_next/static/chunks/1z9r_next_dist_0bkp3wz._.js:1226
[  685619ms] [LOG] [Fast Refresh] done in 349ms @ http://localhost:3001/_next/static/chunks/1z9r_next_dist_0bkp3wz._.js:1226
[  700949ms] [INFO] %cDownload the React DevTools for a better development experience: https://react.dev/link/react-devtools font-weight:bold @ http://localhost:3001/_next/static/chunks/1yi7_react-dom_1papa4l._.js:15305
[  700957ms] [LOG] [HMR] connected @ http://localhost:3001/_next/static/chunks/1z9r_next_dist_0bkp3wz._.js:1226
[  704694ms] [LOG] [Fast Refresh] rebuilding @ http://localhost:3001/_next/static/chunks/1z9r_next_dist_0bkp3wz._.js:1226
[  704792ms] [LOG] [Fast Refresh] done in 134ms @ http://localhost:3001/_next/static/chunks/1z9r_next_dist_0bkp3wz._.js:1226
[  857790ms] [LOG] [Fast Refresh] rebuilding @ http://localhost:3001/_next/static/chunks/1z9r_next_dist_0bkp3wz._.js:1226
[ 5498453ms] [LOG] [HMR] connected @ http://localhost:3001/_next/static/chunks/1z9r_next_dist_0bkp3wz._.js:1226
[ 5498461ms] [LOG] [Fast Refresh] done in 4640773ms @ http://localhost:3001/_next/static/chunks/1z9r_next_dist_0bkp3wz._.js:1226
[70340895ms] [WARNING] Detected `scroll-behavior: smooth` on the `<html>` element. To disable smooth scrolling during route transitions, add `data-scroll-behavior="smooth"` to your <html> element. Learn more: https://nextjs.org/docs/messages/missing-data-scroll-behavior @ http://localhost:3001/_next/static/chunks/1z9r_next_dist_0bkp3wz._.js:1226
[73594581ms] [LOG] [Fast Refresh] rebuilding @ http://localhost:3001/_next/static/chunks/1z9r_next_dist_0bkp3wz._.js:1226
[73610772ms] [LOG] [Fast Refresh] done in 16297ms @ http://localhost:3001/_next/static/chunks/1z9r_next_dist_0bkp3wz._.js:1226
[73610885ms] [LOG] [Fast Refresh] rebuilding @ http://localhost:3001/_next/static/chunks/1z9r_next_dist_0bkp3wz._.js:1226
[76779531ms] [INFO] %cDownload the React DevTools for a better development experience: https://react.dev/link/react-devtools font-weight:bold @ http://localhost:3001/_next/static/chunks/1yi7_react-dom_1papa4l._.js:15305
[76779584ms] [LOG] [HMR] connected @ http://localhost:3001/_next/static/chunks/1z9r_next_dist_0bkp3wz._.js:1226
[76782018ms] [WARNING] Detected `scroll-behavior: smooth` on the `<html>` element. To disable smooth scrolling during route transitions, add `data-scroll-behavior="smooth"` to your <html> element. Learn more: https://nextjs.org/docs/messages/missing-data-scroll-behavior @ http://localhost:3001/_next/static/chunks/1z9r_next_dist_0bkp3wz._.js:1226
[79049875ms] [LOG] [HMR] connected @ http://localhost:3001/_next/static/chunks/1z9r_next_dist_0bkp3wz._.js:1226
[82360885ms] [LOG] [HMR] connected @ http://localhost:3001/_next/static/chunks/1z9r_next_dist_0bkp3wz._.js:1226
