[    3733ms] [INFO] %cDownload the React DevTools for a better development experience: https://react.dev/link/react-devtools font-weight:bold @ http://localhost:3001/_next/static/chunks/1yi7_react-dom_1papa4l._.js:15305
[    3780ms] [LOG] [HMR] connected @ http://localhost:3001/_next/static/chunks/1z9r_next_dist_0bkp3wz._.js:1226
[   15474ms] [LOG] [Fast Refresh] rebuilding @ http://localhost:3001/_next/static/chunks/1z9r_next_dist_0bkp3wz._.js:1226
[   15489ms] [LOG] [Fast Refresh] done in 116ms @ http://localhost:3001/_next/static/chunks/1z9r_next_dist_0bkp3wz._.js:1226
[   15590ms] [LOG] [Fast Refresh] rebuilding @ http://localhost:3001/_next/static/chunks/1z9r_next_dist_0bkp3wz._.js:1226
[   15691ms] [LOG] [Fast Refresh] done in 202ms @ http://localhost:3001/_next/static/chunks/1z9r_next_dist_0bkp3wz._.js:1226
[  106729ms] [LOG] [Fast Refresh] rebuilding @ http://localhost:3001/_next/static/chunks/1z9r_next_dist_0bkp3wz._.js:1226
[  106736ms] [LOG] [Fast Refresh] done in 110ms @ http://localhost:3001/_next/static/chunks/1z9r_next_dist_0bkp3wz._.js:1226
[  145999ms] [LOG] [Fast Refresh] rebuilding @ http://localhost:3001/_next/static/chunks/1z9r_next_dist_0bkp3wz._.js:1226
[  146287ms] [LOG] [Fast Refresh] done in 390ms @ http://localhost:3001/_next/static/chunks/1z9r_next_dist_0bkp3wz._.js:1226
[  147013ms] [LOG] [Fast Refresh] rebuilding @ http://localhost:3001/_next/static/chunks/1z9r_next_dist_0bkp3wz._.js:1226
[  147083ms] [LOG] [Fast Refresh] done in 171ms @ http://localhost:3001/_next/static/chunks/1z9r_next_dist_0bkp3wz._.js:1226
[  147184ms] [LOG] [Fast Refresh] rebuilding @ http://localhost:3001/_next/static/chunks/1z9r_next_dist_0bkp3wz._.js:1226
[  147453ms] [LOG] [Fast Refresh] done in 370ms @ http://localhost:3001/_next/static/chunks/1z9r_next_dist_0bkp3wz._.js:1226
[  287474ms] [LOG] [Fast Refresh] rebuilding @ http://localhost:3001/_next/static/chunks/1z9r_next_dist_0bkp3wz._.js:1226
[  287600ms] [LOG] [Fast Refresh] done in 227ms @ http://localhost:3001/_next/static/chunks/1z9r_next_dist_0bkp3wz._.js:1226
[  288828ms] [LOG] [Fast Refresh] rebuilding @ http://localhost:3001/_next/static/chunks/1z9r_next_dist_0bkp3wz._.js:1226
[  288844ms] [LOG] [Fast Refresh] done in 118ms @ http://localhost:3001/_next/static/chunks/1z9r_next_dist_0bkp3wz._.js:1226
[  288887ms] [WARNING] Detected `scroll-behavior: smooth` on the `<html>` element. To disable smooth scrolling during route transitions, add `data-scroll-behavior="smooth"` to your <html> element. Learn more: https://nextjs.org/docs/messages/missing-data-scroll-behavior @ http://localhost:3001/_next/static/chunks/1z9r_next_dist_0bkp3wz._.js:1226
[  288985ms] [VERBOSE] [DOM] Password field is not contained in a form: (More info: https://goo.gl/9p2vKq) %o @ http://localhost:3001/app/login:0
[  290989ms] [VERBOSE] [DOM] Password field is not contained in a form: (More info: https://goo.gl/9p2vKq) %o @ https://accounts.google.com/v3/signin/identifier?opparams=%253F&dsh=S621828217%3A1786420013396419&client_id=***REMOVED-GOOGLE_CLIENT_ID***&o2v=2&prompt=select_account&redirect_uri=http%3A%2F%2Flocalhost%3A8000%2Fapi%2Fauth%2Fgoogle%2Fcallback&response_type=code&scope=profile+email&service=lso&flowName=GeneralOAuthFlow&continue=https%3A%2F%2Faccounts.google.com%2Fsignin%2Foauth%2Fconsent%3Fauthuser%3Dunknown%26part%3DAJi8hAMKCXYfoaN-7BkDjNhTH-91TzmqD1db_a99ss_bIpEMwEaH5krdi3j3BQxtsRtU4bqRcq864tuBC6tOAYW_axj8g7WQgctIWDnM5dIU4pNNixIW3BncoXoKZ1JNXM3kQjUKsxKWBlWNfmBFmFRlUSnP3Sw9JydQMxM7cXNBFj0nVlWQt3q9qVdMFlble077zBqm4i5Wzn1lGAJ3QSKS1J9iuShRc2oXGxENU7zSzyIL-TSKuyzFzZvVsn_9x3mzFkZ6zAPMCDT9tHbn3TUaDIVpNtRMZ2mPx-qtQMCYbYdd0-1-ZKZXQqKebdV8ct9XU8mG6D2zAnGnmWKKblYbv0wVy3Yzng-X5If4i0OP6e6wQsyekG7os7y6xhZQOiLd3YI93_p_rXDoouSOdtT2TD7ZRRX7TDU8S6PTGufFEOEb4uhtNFAO6i16JOVoDLlFXhBDZgea1g8Q5OZBlwG-gKiNmZu0RA%26flowName%3DGeneralOAuthFlow%26as%3DS621828217%253A1786420013396419%26client_id%3D***REMOVED-GOOGLE_CLIENT_ID***%26requestPath%3D%252Fsignin%252Foauth%252Fconsent%23&app_domain=http%3A%2F%2Flocalhost%3A8000&rart=ANgoxccWYqgq2fzoIu10M_nBRiIcU01Oji3s7_weQSLAFwYkb-v9PLdqUCd97_f1Y1yO4nZkLjRsQ0y1eglUzvnSBCC4G60OunN48H51NCiObaN10uLn7T0:0
[  290994ms] [LOG] %c%s color: red; background: yellow; font-size: 24px; WARNING! @ https://www.gstatic.com/_/mss/boq-identity/_/js/k=boq-identity.AccountsSignInUi.en_US.mJCPg6S4vao.es5.O/am=EQEAAADfgB8JAPL__zcAgAEE2wHvWQBNgJABAAAAAAAAAAAWAACgEUA/d=1/excm=_b,_tp,identifierview/ed=1/dg=0/wt=2/ujg=1/rs=AOaEmlHeaqh5axb3t1bfxs8p3SPVtbVl4A/dti=1/m=_b,_tp:553
[  290994ms] [LOG] %c%s font-size: 18px; Using this console may allow attackers to impersonate you and steal your information using an attack called Self-XSS.
Do not enter or paste code that you do not understand. @ https://www.gstatic.com/_/mss/boq-identity/_/js/k=boq-identity.AccountsSignInUi.en_US.mJCPg6S4vao.es5.O/am=EQEAAADfgB8JAPL__zcAgAEE2wHvWQBNgJABAAAAAAAAAAAWAACgEUA/d=1/excm=_b,_tp,identifierview/ed=1/dg=0/wt=2/ujg=1/rs=AOaEmlHeaqh5axb3t1bfxs8p3SPVtbVl4A/dti=1/m=_b,_tp:553
