[     118ms] [INFO] %cDownload the React DevTools for a better development experience: https://react.dev/link/react-devtools font-weight:bold @ http://localhost:3000/_next/static/chunks/1yi7_react-dom_1papa4l._.js:15305
[     138ms] [LOG] [HMR] connected @ http://localhost:3000/_next/static/chunks/1y1v_next_dist_1krwcwl._.js:1226
[   63445ms] [LOG] [Fast Refresh] rebuilding @ http://localhost:3000/_next/static/chunks/1y1v_next_dist_1krwcwl._.js:1226
[   63541ms] [LOG] [Fast Refresh] done in 197ms @ http://localhost:3000/_next/static/chunks/1y1v_next_dist_1krwcwl._.js:1226
[  104559ms] [LOG] [Fast Refresh] rebuilding @ http://localhost:3000/_next/static/chunks/1y1v_next_dist_1krwcwl._.js:1226
[  104573ms] [ERROR] %o

%s

%s
 ReferenceError: Link is not defined
    at AppResume (http://localhost:3000/_next/static/chunks/%5Broot-of-the-server%5D__0k2pkh6._.js?id=%255Bproject%255D%252Ffrontend%252Fsrc%252Fpages%252Fapp%252Fresume.jsx+%255Bclient%255D+%2528ecmascript%2529:599:256)
    at Object.react_stack_bottom_frame (http://localhost:3000/_next/static/chunks/1yi7_react-dom_1papa4l._.js:13800:24)
    at renderWithHooks (http://localhost:3000/_next/static/chunks/1yi7_react-dom_1papa4l._.js:4464:24)
    at updateFunctionComponent (http://localhost:3000/_next/static/chunks/1yi7_react-dom_1papa4l._.js:5917:21)
    at beginWork (http://localhost:3000/_next/static/chunks/1yi7_react-dom_1papa4l._.js:6498:24)
    at runWithFiberInDEV (http://localhost:3000/_next/static/chunks/1yi7_react-dom_1papa4l._.js:886:74)
    at performUnitOfWork (http://localhost:3000/_next/static/chunks/1yi7_react-dom_1papa4l._.js:8894:97)
    at workLoopSync (http://localhost:3000/_next/static/chunks/1yi7_react-dom_1papa4l._.js:8788:40)
    at renderRootSync (http://localhost:3000/_next/static/chunks/1yi7_react-dom_1papa4l._.js:8772:13)
    at performWorkOnRoot (http://localhost:3000/_next/static/chunks/1yi7_react-dom_1papa4l._.js:8437:47)
    at performSyncWorkOnRoot (http://localhost:3000/_next/static/chunks/1yi7_react-dom_1papa4l._.js:9542:9)
    at flushSyncWorkAcrossRoots_impl (http://localhost:3000/_next/static/chunks/1yi7_react-dom_1papa4l._.js:9458:316)
    at flushSyncWork$1 (http://localhost:3000/_next/static/chunks/1yi7_react-dom_1papa4l._.js:8569:86)
    at Object.scheduleRefresh (http://localhost:3000/_next/static/chunks/1yi7_react-dom_1papa4l._.js:294:13)
    at http://localhost:3000/_next/static/chunks/1y1v_next_dist_compiled_1gcdh3i._.js:391:33
    at Set.forEach (<anonymous>)
    at Object.performReactRefresh (http://localhost:3000/_next/static/chunks/1y1v_next_dist_compiled_1gcdh3i._.js:384:38)
    at applyUpdate (http://localhost:3000/_next/static/chunks/1y1v_next_dist_compiled_1gcdh3i._.js:878:31)
    at http://localhost:3000/_next/static/chunks/1y1v_next_dist_compiled_1gcdh3i._.js:886:13 The above error occurred in the <AppResume> component. React will try to recreate this component tree from scratch using the error boundary you provided, PagesDevOverlayErrorBoundary. @ http://localhost:3000/_next/static/chunks/1y1v_next_dist_1krwcwl._.js:1945
[  104739ms] [LOG] [Fast Refresh] done in 40ms @ http://localhost:3000/_next/static/chunks/1y1v_next_dist_1krwcwl._.js:1226
[  118745ms] [LOG] [Fast Refresh] rebuilding @ http://localhost:3000/_next/static/chunks/1y1v_next_dist_1krwcwl._.js:1226
[  118790ms] [LOG] [Fast Refresh] done in 29ms @ http://localhost:3000/_next/static/chunks/1y1v_next_dist_1krwcwl._.js:1226
