[     145ms] [INFO] %cDownload the React DevTools for a better development experience: https://react.dev/link/react-devtools font-weight:bold @ http://localhost:3100/_next/static/chunks/02d5_react-dom_0e56qtj._.js:15305
[     205ms] [LOG] [HMR] connected @ http://localhost:3100/_next/static/chunks/1p6o_next_dist_0q220j8._.js:1226
[     331ms] [ERROR] Access to fetch at 'http://localhost:8000/api/matching/matches?minScore=60' from origin 'http://localhost:3100' has been blocked by CORS policy: Response to preflight request doesn't pass access control check: No 'Access-Control-Allow-Origin' header is present on the requested resource. @ http://localhost:3100/app/dashboard:0
[     332ms] [ERROR] Failed to load resource: net::ERR_FAILED @ http://localhost:8000/api/matching/matches?minScore=60:0
[     332ms] [ERROR] Access to fetch at 'http://localhost:8000/api/matching/recommendations?minScore=60' from origin 'http://localhost:3100' has been blocked by CORS policy: Response to preflight request doesn't pass access control check: No 'Access-Control-Allow-Origin' header is present on the requested resource. @ http://localhost:3100/app/dashboard:0
[     332ms] [ERROR] Failed to load resource: net::ERR_FAILED @ http://localhost:8000/api/matching/recommendations?minScore=60:0
[     332ms] [ERROR] Access to fetch at 'http://localhost:8000/api/applications/my-applications?limit=200' from origin 'http://localhost:3100' has been blocked by CORS policy: Response to preflight request doesn't pass access control check: No 'Access-Control-Allow-Origin' header is present on the requested resource. @ http://localhost:3100/app/dashboard:0
[     332ms] [ERROR] Failed to load resource: net::ERR_FAILED @ http://localhost:8000/api/applications/my-applications?limit=200:0
[     332ms] [ERROR] Access to fetch at 'http://localhost:8000/api/users/preferences' from origin 'http://localhost:3100' has been blocked by CORS policy: Response to preflight request doesn't pass access control check: No 'Access-Control-Allow-Origin' header is present on the requested resource. @ http://localhost:3100/app/dashboard:0
[     332ms] [ERROR] Failed to load resource: net::ERR_FAILED @ http://localhost:8000/api/users/preferences:0
[     332ms] [ERROR] Access to fetch at 'http://localhost:8000/api/resume-builder' from origin 'http://localhost:3100' has been blocked by CORS policy: Response to preflight request doesn't pass access control check: No 'Access-Control-Allow-Origin' header is present on the requested resource. @ http://localhost:3100/app/dashboard:0
[     332ms] [ERROR] Failed to load resource: net::ERR_FAILED @ http://localhost:8000/api/resume-builder:0
[     332ms] [ERROR] Access to fetch at 'http://localhost:8000/api/matching/matches?minScore=60' from origin 'http://localhost:3100' has been blocked by CORS policy: Response to preflight request doesn't pass access control check: No 'Access-Control-Allow-Origin' header is present on the requested resource. @ http://localhost:3100/app/dashboard:0
[     332ms] [ERROR] Failed to load resource: net::ERR_FAILED @ http://localhost:8000/api/matching/matches?minScore=60:0
[     332ms] [ERROR] Access to fetch at 'http://localhost:8000/api/matching/recommendations?minScore=60' from origin 'http://localhost:3100' has been blocked by CORS policy: Response to preflight request doesn't pass access control check: No 'Access-Control-Allow-Origin' header is present on the requested resource. @ http://localhost:3100/app/dashboard:0
[     332ms] [ERROR] Failed to load resource: net::ERR_FAILED @ http://localhost:8000/api/matching/recommendations?minScore=60:0
[     332ms] [ERROR] Access to fetch at 'http://localhost:8000/api/applications/my-applications?limit=200' from origin 'http://localhost:3100' has been blocked by CORS policy: Response to preflight request doesn't pass access control check: No 'Access-Control-Allow-Origin' header is present on the requested resource. @ http://localhost:3100/app/dashboard:0
[     332ms] [ERROR] Failed to load resource: net::ERR_FAILED @ http://localhost:8000/api/applications/my-applications?limit=200:0
[     332ms] [ERROR] Access to fetch at 'http://localhost:8000/api/users/preferences' from origin 'http://localhost:3100' has been blocked by CORS policy: Response to preflight request doesn't pass access control check: No 'Access-Control-Allow-Origin' header is present on the requested resource. @ http://localhost:3100/app/dashboard:0
[     332ms] [ERROR] Failed to load resource: net::ERR_FAILED @ http://localhost:8000/api/users/preferences:0
[     332ms] [ERROR] Access to fetch at 'http://localhost:8000/api/resume-builder' from origin 'http://localhost:3100' has been blocked by CORS policy: Response to preflight request doesn't pass access control check: No 'Access-Control-Allow-Origin' header is present on the requested resource. @ http://localhost:3100/app/dashboard:0
[     332ms] [ERROR] Failed to load resource: net::ERR_FAILED @ http://localhost:8000/api/resume-builder:0
[     404ms] [WARNING] Detected `scroll-behavior: smooth` on the `<html>` element. To disable smooth scrolling during route transitions, add `data-scroll-behavior="smooth"` to your <html> element. Learn more: https://nextjs.org/docs/messages/missing-data-scroll-behavior @ http://localhost:3100/_next/static/chunks/1p6o_next_dist_0q220j8._.js:1226
[     503ms] [VERBOSE] [DOM] Password field is not contained in a form: (More info: https://goo.gl/9p2vKq) %o @ http://localhost:3100/app/login:0
