[      99ms] [INFO] %cDownload the React DevTools for a better development experience: https://react.dev/link/react-devtools font-weight:bold @ http://localhost:3100/_next/static/chunks/02d5_react-dom_0e56qtj._.js:15305
[     114ms] [LOG] [HMR] connected @ http://localhost:3100/_next/static/chunks/1p6o_next_dist_0q220j8._.js:1226
[     166ms] [ERROR] Access to fetch at 'http://localhost:8000/api/users/profile' from origin 'http://localhost:3100' has been blocked by CORS policy: Response to preflight request doesn't pass access control check: No 'Access-Control-Allow-Origin' header is present on the requested resource. @ http://localhost:3100/app/dashboard:0
[     166ms] [ERROR] Failed to load resource: net::ERR_FAILED @ http://localhost:8000/api/users/profile:0
[     220ms] [ERROR] Access to fetch at 'http://localhost:8000/api/matching/matches?minScore=60' from origin 'http://localhost:3100' has been blocked by CORS policy: Response to preflight request doesn't pass access control check: No 'Access-Control-Allow-Origin' header is present on the requested resource. @ http://localhost:3100/app/dashboard:0
[     220ms] [ERROR] Failed to load resource: net::ERR_FAILED @ http://localhost:8000/api/matching/matches?minScore=60:0
[     220ms] [ERROR] Access to fetch at 'http://localhost:8000/api/matching/recommendations?minScore=60' from origin 'http://localhost:3100' has been blocked by CORS policy: Response to preflight request doesn't pass access control check: No 'Access-Control-Allow-Origin' header is present on the requested resource. @ http://localhost:3100/app/dashboard:0
[     220ms] [ERROR] Failed to load resource: net::ERR_FAILED @ http://localhost:8000/api/matching/recommendations?minScore=60:0
[     221ms] [ERROR] Access to fetch at 'http://localhost:8000/api/applications/my-applications?limit=200' from origin 'http://localhost:3100' has been blocked by CORS policy: Response to preflight request doesn't pass access control check: No 'Access-Control-Allow-Origin' header is present on the requested resource. @ http://localhost:3100/app/dashboard:0
[     221ms] [ERROR] Failed to load resource: net::ERR_FAILED @ http://localhost:8000/api/applications/my-applications?limit=200:0
[     221ms] [ERROR] Access to fetch at 'http://localhost:8000/api/users/preferences' from origin 'http://localhost:3100' has been blocked by CORS policy: Response to preflight request doesn't pass access control check: No 'Access-Control-Allow-Origin' header is present on the requested resource. @ http://localhost:3100/app/dashboard:0
[     221ms] [ERROR] Failed to load resource: net::ERR_FAILED @ http://localhost:8000/api/users/preferences:0
[     221ms] [ERROR] Access to fetch at 'http://localhost:8000/api/resume-builder' from origin 'http://localhost:3100' has been blocked by CORS policy: Response to preflight request doesn't pass access control check: No 'Access-Control-Allow-Origin' header is present on the requested resource. @ http://localhost:3100/app/dashboard:0
[     221ms] [ERROR] Failed to load resource: net::ERR_FAILED @ http://localhost:8000/api/resume-builder:0
[     221ms] [ERROR] Access to fetch at 'http://localhost:8000/api/users/preferences' from origin 'http://localhost:3100' has been blocked by CORS policy: Response to preflight request doesn't pass access control check: No 'Access-Control-Allow-Origin' header is present on the requested resource. @ http://localhost:3100/app/dashboard:0
[     221ms] [ERROR] Failed to load resource: net::ERR_FAILED @ http://localhost:8000/api/users/preferences:0
[     221ms] [ERROR] Access to fetch at 'http://localhost:8000/api/resume-builder' from origin 'http://localhost:3100' has been blocked by CORS policy: Response to preflight request doesn't pass access control check: No 'Access-Control-Allow-Origin' header is present on the requested resource. @ http://localhost:3100/app/dashboard:0
[     221ms] [ERROR] Failed to load resource: net::ERR_FAILED @ http://localhost:8000/api/resume-builder:0
[     221ms] [ERROR] Access to fetch at 'http://localhost:8000/api/matching/matches?minScore=60' from origin 'http://localhost:3100' has been blocked by CORS policy: Response to preflight request doesn't pass access control check: No 'Access-Control-Allow-Origin' header is present on the requested resource. @ http://localhost:3100/app/dashboard:0
[     221ms] [ERROR] Failed to load resource: net::ERR_FAILED @ http://localhost:8000/api/matching/matches?minScore=60:0
[     221ms] [ERROR] Access to fetch at 'http://localhost:8000/api/matching/recommendations?minScore=60' from origin 'http://localhost:3100' has been blocked by CORS policy: Response to preflight request doesn't pass access control check: No 'Access-Control-Allow-Origin' header is present on the requested resource. @ http://localhost:3100/app/dashboard:0
[     221ms] [ERROR] Failed to load resource: net::ERR_FAILED @ http://localhost:8000/api/matching/recommendations?minScore=60:0
[     221ms] [ERROR] Access to fetch at 'http://localhost:8000/api/applications/my-applications?limit=200' from origin 'http://localhost:3100' has been blocked by CORS policy: Response to preflight request doesn't pass access control check: No 'Access-Control-Allow-Origin' header is present on the requested resource. @ http://localhost:3100/app/dashboard:0
[     221ms] [ERROR] Failed to load resource: net::ERR_FAILED @ http://localhost:8000/api/applications/my-applications?limit=200:0
[   28374ms] [LOG] [Fast Refresh] rebuilding @ http://localhost:3100/_next/static/chunks/1p6o_next_dist_0q220j8._.js:1226
[   28444ms] [LOG] [Fast Refresh] done in 170ms @ http://localhost:3100/_next/static/chunks/1p6o_next_dist_0q220j8._.js:1226
[   28464ms] [WARNING] Detected `scroll-behavior: smooth` on the `<html>` element. To disable smooth scrolling during route transitions, add `data-scroll-behavior="smooth"` to your <html> element. Learn more: https://nextjs.org/docs/messages/missing-data-scroll-behavior @ http://localhost:3100/_next/static/chunks/1p6o_next_dist_0q220j8._.js:1226
[   28487ms] [ERROR] Access to fetch at 'http://localhost:8000/api/users/profile' from origin 'http://localhost:3100' has been blocked by CORS policy: Response to preflight request doesn't pass access control check: No 'Access-Control-Allow-Origin' header is present on the requested resource. @ http://localhost:3100/app/settings:0
[   28487ms] [ERROR] Failed to load resource: net::ERR_FAILED @ http://localhost:8000/api/users/profile:0
[   28488ms] [ERROR] Access to fetch at 'http://localhost:8000/api/users/profile' from origin 'http://localhost:3100' has been blocked by CORS policy: Response to preflight request doesn't pass access control check: No 'Access-Control-Allow-Origin' header is present on the requested resource. @ http://localhost:3100/app/settings:0
[   28488ms] [ERROR] Failed to load resource: net::ERR_FAILED @ http://localhost:8000/api/users/profile:0
[   28488ms] [ERROR] Access to fetch at 'http://localhost:8000/api/users/profile' from origin 'http://localhost:3100' has been blocked by CORS policy: Response to preflight request doesn't pass access control check: No 'Access-Control-Allow-Origin' header is present on the requested resource. @ http://localhost:3100/app/settings:0
[   28488ms] [ERROR] Failed to load resource: net::ERR_FAILED @ http://localhost:8000/api/users/profile:0
[   28500ms] [ERROR] Access to fetch at 'http://localhost:8000/api/users/preferences' from origin 'http://localhost:3100' has been blocked by CORS policy: Response to preflight request doesn't pass access control check: No 'Access-Control-Allow-Origin' header is present on the requested resource. @ http://localhost:3100/app/settings:0
[   28500ms] [ERROR] Failed to load resource: net::ERR_FAILED @ http://localhost:8000/api/users/preferences:0
[   28501ms] [ERROR] Access to fetch at 'http://localhost:8000/api/users/preferences' from origin 'http://localhost:3100' has been blocked by CORS policy: Response to preflight request doesn't pass access control check: No 'Access-Control-Allow-Origin' header is present on the requested resource. @ http://localhost:3100/app/settings:0
[   28501ms] [ERROR] Failed to load resource: net::ERR_FAILED @ http://localhost:8000/api/users/preferences:0
[   28511ms] [ERROR] Access to fetch at 'http://localhost:8000/api/entitlements' from origin 'http://localhost:3100' has been blocked by CORS policy: Response to preflight request doesn't pass access control check: No 'Access-Control-Allow-Origin' header is present on the requested resource. @ http://localhost:3100/app/settings:0
[   28511ms] [ERROR] Failed to load resource: net::ERR_FAILED @ http://localhost:8000/api/entitlements:0
[   28511ms] [ERROR] Access to fetch at 'http://localhost:8000/api/entitlements' from origin 'http://localhost:3100' has been blocked by CORS policy: Response to preflight request doesn't pass access control check: No 'Access-Control-Allow-Origin' header is present on the requested resource. @ http://localhost:3100/app/settings:0
[   28511ms] [ERROR] Failed to load resource: net::ERR_FAILED @ http://localhost:8000/api/entitlements:0
[   32666ms] [ERROR] Access to fetch at 'http://localhost:8000/api/matching/matches?minScore=60' from origin 'http://localhost:3100' has been blocked by CORS policy: Response to preflight request doesn't pass access control check: No 'Access-Control-Allow-Origin' header is present on the requested resource. @ http://localhost:3100/app/dashboard:0
[   32666ms] [ERROR] Failed to load resource: net::ERR_FAILED @ http://localhost:8000/api/matching/matches?minScore=60:0
[   32666ms] [ERROR] Access to fetch at 'http://localhost:8000/api/matching/recommendations?minScore=60' from origin 'http://localhost:3100' has been blocked by CORS policy: Response to preflight request doesn't pass access control check: No 'Access-Control-Allow-Origin' header is present on the requested resource. @ http://localhost:3100/app/dashboard:0
[   32666ms] [ERROR] Failed to load resource: net::ERR_FAILED @ http://localhost:8000/api/matching/recommendations?minScore=60:0
[   32666ms] [ERROR] Access to fetch at 'http://localhost:8000/api/applications/my-applications?limit=200' from origin 'http://localhost:3100' has been blocked by CORS policy: Response to preflight request doesn't pass access control check: No 'Access-Control-Allow-Origin' header is present on the requested resource. @ http://localhost:3100/app/dashboard:0
[   32666ms] [ERROR] Failed to load resource: net::ERR_FAILED @ http://localhost:8000/api/applications/my-applications?limit=200:0
[   32666ms] [ERROR] Access to fetch at 'http://localhost:8000/api/users/preferences' from origin 'http://localhost:3100' has been blocked by CORS policy: Response to preflight request doesn't pass access control check: No 'Access-Control-Allow-Origin' header is present on the requested resource. @ http://localhost:3100/app/dashboard:0
[   32666ms] [ERROR] Failed to load resource: net::ERR_FAILED @ http://localhost:8000/api/users/preferences:0
[   32666ms] [ERROR] Access to fetch at 'http://localhost:8000/api/resume-builder' from origin 'http://localhost:3100' has been blocked by CORS policy: Response to preflight request doesn't pass access control check: No 'Access-Control-Allow-Origin' header is present on the requested resource. @ http://localhost:3100/app/dashboard:0
[   32666ms] [ERROR] Failed to load resource: net::ERR_FAILED @ http://localhost:8000/api/resume-builder:0
[   32666ms] [ERROR] Access to fetch at 'http://localhost:8000/api/users/profile' from origin 'http://localhost:3100' has been blocked by CORS policy: Response to preflight request doesn't pass access control check: No 'Access-Control-Allow-Origin' header is present on the requested resource. @ http://localhost:3100/app/dashboard:0
[   32666ms] [ERROR] Failed to load resource: net::ERR_FAILED @ http://localhost:8000/api/users/profile:0
[   32666ms] [ERROR] Access to fetch at 'http://localhost:8000/api/matching/matches?minScore=60' from origin 'http://localhost:3100' has been blocked by CORS policy: Response to preflight request doesn't pass access control check: No 'Access-Control-Allow-Origin' header is present on the requested resource. @ http://localhost:3100/app/dashboard:0
[   32666ms] [ERROR] Failed to load resource: net::ERR_FAILED @ http://localhost:8000/api/matching/matches?minScore=60:0
[   32666ms] [ERROR] Access to fetch at 'http://localhost:8000/api/matching/recommendations?minScore=60' from origin 'http://localhost:3100' has been blocked by CORS policy: Response to preflight request doesn't pass access control check: No 'Access-Control-Allow-Origin' header is present on the requested resource. @ http://localhost:3100/app/dashboard:0
[   32666ms] [ERROR] Failed to load resource: net::ERR_FAILED @ http://localhost:8000/api/matching/recommendations?minScore=60:0
[   32666ms] [ERROR] Access to fetch at 'http://localhost:8000/api/applications/my-applications?limit=200' from origin 'http://localhost:3100' has been blocked by CORS policy: Response to preflight request doesn't pass access control check: No 'Access-Control-Allow-Origin' header is present on the requested resource. @ http://localhost:3100/app/dashboard:0
[   32666ms] [ERROR] Failed to load resource: net::ERR_FAILED @ http://localhost:8000/api/applications/my-applications?limit=200:0
[   32666ms] [ERROR] Access to fetch at 'http://localhost:8000/api/users/preferences' from origin 'http://localhost:3100' has been blocked by CORS policy: Response to preflight request doesn't pass access control check: No 'Access-Control-Allow-Origin' header is present on the requested resource. @ http://localhost:3100/app/dashboard:0
[   32666ms] [ERROR] Failed to load resource: net::ERR_FAILED @ http://localhost:8000/api/users/preferences:0
[   32666ms] [ERROR] Access to fetch at 'http://localhost:8000/api/resume-builder' from origin 'http://localhost:3100' has been blocked by CORS policy: Response to preflight request doesn't pass access control check: No 'Access-Control-Allow-Origin' header is present on the requested resource. @ http://localhost:3100/app/dashboard:0
[   32666ms] [ERROR] Failed to load resource: net::ERR_FAILED @ http://localhost:8000/api/resume-builder:0
[  170010ms] [ERROR] WebSocket connection to 'ws://localhost:3100/_next/webpack-hmr' failed:  @ http://localhost:3100/_next/static/chunks/1p6o_next_dist_client_1gptvfa._.js:2343
[  171016ms] [ERROR] WebSocket connection to 'ws://localhost:3100/_next/webpack-hmr' failed: Error in connection establishment: net::ERR_CONNECTION_REFUSED @ http://localhost:3100/_next/static/chunks/1p6o_next_dist_client_1gptvfa._.js:2343
[  172018ms] [ERROR] WebSocket connection to 'ws://localhost:3100/_next/webpack-hmr' failed: Error in connection establishment: net::ERR_CONNECTION_REFUSED @ http://localhost:3100/_next/static/chunks/1p6o_next_dist_client_1gptvfa._.js:2343
[  173019ms] [ERROR] WebSocket connection to 'ws://localhost:3100/_next/webpack-hmr' failed: Error in connection establishment: net::ERR_CONNECTION_REFUSED @ http://localhost:3100/_next/static/chunks/1p6o_next_dist_client_1gptvfa._.js:2343
[  174021ms] [ERROR] WebSocket connection to 'ws://localhost:3100/_next/webpack-hmr' failed: Error in connection establishment: net::ERR_CONNECTION_REFUSED @ http://localhost:3100/_next/static/chunks/1p6o_next_dist_client_1gptvfa._.js:2343
[  175024ms] [ERROR] WebSocket connection to 'ws://localhost:3100/_next/webpack-hmr' failed: Error in connection establishment: net::ERR_CONNECTION_REFUSED @ http://localhost:3100/_next/static/chunks/1p6o_next_dist_client_1gptvfa._.js:2343
[  180027ms] [ERROR] WebSocket connection to 'ws://localhost:3100/_next/webpack-hmr' failed: Error in connection establishment: net::ERR_CONNECTION_REFUSED @ http://localhost:3100/_next/static/chunks/1p6o_next_dist_client_1gptvfa._.js:2343
[  185036ms] [ERROR] WebSocket connection to 'ws://localhost:3100/_next/webpack-hmr' failed: Error in connection establishment: net::ERR_CONNECTION_REFUSED @ http://localhost:3100/_next/static/chunks/1p6o_next_dist_client_1gptvfa._.js:2343
[  190049ms] [ERROR] WebSocket connection to 'ws://localhost:3100/_next/webpack-hmr' failed: Error in connection establishment: net::ERR_CONNECTION_REFUSED @ http://localhost:3100/_next/static/chunks/1p6o_next_dist_client_1gptvfa._.js:2343
[  192120ms] [ERROR] Access to fetch at 'http://localhost:8000/api/users/profile' from origin 'http://localhost:3100' has been blocked by CORS policy: Response to preflight request doesn't pass access control check: No 'Access-Control-Allow-Origin' header is present on the requested resource. @ http://localhost:3100/app/settings:0
[  192120ms] [ERROR] Failed to load resource: net::ERR_FAILED @ http://localhost:8000/api/users/profile:0
[  192120ms] [ERROR] Access to fetch at 'http://localhost:8000/api/users/profile' from origin 'http://localhost:3100' has been blocked by CORS policy: Response to preflight request doesn't pass access control check: No 'Access-Control-Allow-Origin' header is present on the requested resource. @ http://localhost:3100/app/settings:0
[  192120ms] [ERROR] Failed to load resource: net::ERR_FAILED @ http://localhost:8000/api/users/profile:0
[  192121ms] [ERROR] Access to fetch at 'http://localhost:8000/api/users/profile' from origin 'http://localhost:3100' has been blocked by CORS policy: Response to preflight request doesn't pass access control check: No 'Access-Control-Allow-Origin' header is present on the requested resource. @ http://localhost:3100/app/settings:0
[  192121ms] [ERROR] Failed to load resource: net::ERR_FAILED @ http://localhost:8000/api/users/profile:0
[  192128ms] [ERROR] Access to fetch at 'http://localhost:8000/api/users/preferences' from origin 'http://localhost:3100' has been blocked by CORS policy: Response to preflight request doesn't pass access control check: No 'Access-Control-Allow-Origin' header is present on the requested resource. @ http://localhost:3100/app/settings:0
[  192128ms] [ERROR] Failed to load resource: net::ERR_FAILED @ http://localhost:8000/api/users/preferences:0
[  192128ms] [ERROR] Access to fetch at 'http://localhost:8000/api/users/preferences' from origin 'http://localhost:3100' has been blocked by CORS policy: Response to preflight request doesn't pass access control check: No 'Access-Control-Allow-Origin' header is present on the requested resource. @ http://localhost:3100/app/settings:0
[  192128ms] [ERROR] Failed to load resource: net::ERR_FAILED @ http://localhost:8000/api/users/preferences:0
[  192136ms] [ERROR] Access to fetch at 'http://localhost:8000/api/entitlements' from origin 'http://localhost:3100' has been blocked by CORS policy: Response to preflight request doesn't pass access control check: No 'Access-Control-Allow-Origin' header is present on the requested resource. @ http://localhost:3100/app/settings:0
[  192136ms] [ERROR] Failed to load resource: net::ERR_FAILED @ http://localhost:8000/api/entitlements:0
[  192136ms] [ERROR] Access to fetch at 'http://localhost:8000/api/entitlements' from origin 'http://localhost:3100' has been blocked by CORS policy: Response to preflight request doesn't pass access control check: No 'Access-Control-Allow-Origin' header is present on the requested resource. @ http://localhost:3100/app/settings:0
[  192136ms] [ERROR] Failed to load resource: net::ERR_FAILED @ http://localhost:8000/api/entitlements:0
[  192144ms] [ERROR] WebSocket is already in CLOSING or CLOSED state. @ http://localhost:3100/_next/static/chunks/1p6o_next_dist_0q220j8._.js:1585
[  194498ms] [ERROR] Access to fetch at 'http://localhost:8000/api/matching/matches?minScore=60' from origin 'http://localhost:3100' has been blocked by CORS policy: Response to preflight request doesn't pass access control check: No 'Access-Control-Allow-Origin' header is present on the requested resource. @ http://localhost:3100/app/dashboard:0
[  194498ms] [ERROR] Failed to load resource: net::ERR_FAILED @ http://localhost:8000/api/matching/matches?minScore=60:0
[  194498ms] [ERROR] Access to fetch at 'http://localhost:8000/api/matching/recommendations?minScore=60' from origin 'http://localhost:3100' has been blocked by CORS policy: Response to preflight request doesn't pass access control check: No 'Access-Control-Allow-Origin' header is present on the requested resource. @ http://localhost:3100/app/dashboard:0
[  194498ms] [ERROR] Failed to load resource: net::ERR_FAILED @ http://localhost:8000/api/matching/recommendations?minScore=60:0
[  194498ms] [ERROR] Access to fetch at 'http://localhost:8000/api/applications/my-applications?limit=200' from origin 'http://localhost:3100' has been blocked by CORS policy: Response to preflight request doesn't pass access control check: No 'Access-Control-Allow-Origin' header is present on the requested resource. @ http://localhost:3100/app/dashboard:0
[  194498ms] [ERROR] Failed to load resource: net::ERR_FAILED @ http://localhost:8000/api/applications/my-applications?limit=200:0
[  194498ms] [ERROR] Access to fetch at 'http://localhost:8000/api/users/preferences' from origin 'http://localhost:3100' has been blocked by CORS policy: Response to preflight request doesn't pass access control check: No 'Access-Control-Allow-Origin' header is present on the requested resource. @ http://localhost:3100/app/dashboard:0
[  194498ms] [ERROR] Failed to load resource: net::ERR_FAILED @ http://localhost:8000/api/users/preferences:0
[  194498ms] [ERROR] Access to fetch at 'http://localhost:8000/api/resume-builder' from origin 'http://localhost:3100' has been blocked by CORS policy: Response to preflight request doesn't pass access control check: No 'Access-Control-Allow-Origin' header is present on the requested resource. @ http://localhost:3100/app/dashboard:0
[  194498ms] [ERROR] Failed to load resource: net::ERR_FAILED @ http://localhost:8000/api/resume-builder:0
[  194498ms] [ERROR] Access to fetch at 'http://localhost:8000/api/users/profile' from origin 'http://localhost:3100' has been blocked by CORS policy: Response to preflight request doesn't pass access control check: No 'Access-Control-Allow-Origin' header is present on the requested resource. @ http://localhost:3100/app/dashboard:0
[  194499ms] [ERROR] Failed to load resource: net::ERR_FAILED @ http://localhost:8000/api/users/profile:0
[  194499ms] [ERROR] Access to fetch at 'http://localhost:8000/api/matching/matches?minScore=60' from origin 'http://localhost:3100' has been blocked by CORS policy: Response to preflight request doesn't pass access control check: No 'Access-Control-Allow-Origin' header is present on the requested resource. @ http://localhost:3100/app/dashboard:0
[  194499ms] [ERROR] Failed to load resource: net::ERR_FAILED @ http://localhost:8000/api/matching/matches?minScore=60:0
[  194499ms] [ERROR] Access to fetch at 'http://localhost:8000/api/matching/recommendations?minScore=60' from origin 'http://localhost:3100' has been blocked by CORS policy: Response to preflight request doesn't pass access control check: No 'Access-Control-Allow-Origin' header is present on the requested resource. @ http://localhost:3100/app/dashboard:0
[  194499ms] [ERROR] Failed to load resource: net::ERR_FAILED @ http://localhost:8000/api/matching/recommendations?minScore=60:0
[  194499ms] [ERROR] Access to fetch at 'http://localhost:8000/api/applications/my-applications?limit=200' from origin 'http://localhost:3100' has been blocked by CORS policy: Response to preflight request doesn't pass access control check: No 'Access-Control-Allow-Origin' header is present on the requested resource. @ http://localhost:3100/app/dashboard:0
[  194499ms] [ERROR] Failed to load resource: net::ERR_FAILED @ http://localhost:8000/api/applications/my-applications?limit=200:0
[  194499ms] [ERROR] Access to fetch at 'http://localhost:8000/api/users/preferences' from origin 'http://localhost:3100' has been blocked by CORS policy: Response to preflight request doesn't pass access control check: No 'Access-Control-Allow-Origin' header is present on the requested resource. @ http://localhost:3100/app/dashboard:0
[  194499ms] [ERROR] Failed to load resource: net::ERR_FAILED @ http://localhost:8000/api/users/preferences:0
[  194499ms] [ERROR] Access to fetch at 'http://localhost:8000/api/resume-builder' from origin 'http://localhost:3100' has been blocked by CORS policy: Response to preflight request doesn't pass access control check: No 'Access-Control-Allow-Origin' header is present on the requested resource. @ http://localhost:3100/app/dashboard:0
[  194499ms] [ERROR] Failed to load resource: net::ERR_FAILED @ http://localhost:8000/api/resume-builder:0
[  194512ms] [ERROR] WebSocket is already in CLOSING or CLOSED state. @ http://localhost:3100/_next/static/chunks/1p6o_next_dist_0q220j8._.js:1585
[  195091ms] [ERROR] WebSocket connection to 'ws://localhost:3100/_next/webpack-hmr' failed: Error in connection establishment: net::ERR_CONNECTION_REFUSED @ http://localhost:3100/_next/static/chunks/1p6o_next_dist_client_1gptvfa._.js:2343
[  200119ms] [ERROR] WebSocket connection to 'ws://localhost:3100/_next/webpack-hmr' failed: Error in connection establishment: net::ERR_CONNECTION_REFUSED @ http://localhost:3100/_next/static/chunks/1p6o_next_dist_client_1gptvfa._.js:2343
[  205266ms] [ERROR] WebSocket connection to 'ws://localhost:3100/_next/webpack-hmr' failed: Error in connection establishment: net::ERR_CONNECTION_REFUSED @ http://localhost:3100/_next/static/chunks/1p6o_next_dist_client_1gptvfa._.js:2343
[  210531ms] [ERROR] WebSocket connection to 'ws://localhost:3100/_next/webpack-hmr' failed: Error in connection establishment: net::ERR_CONNECTION_REFUSED @ http://localhost:3100/_next/static/chunks/1p6o_next_dist_client_1gptvfa._.js:2343
