[     175ms] [LOG] [Fast Refresh] rebuilding @ http://localhost:3000/_next/static/chunks/1y1v_next_dist_1krwcwl._.js:1226
[     179ms] [LOG] [Fast Refresh] done in 104ms @ http://localhost:3000/_next/static/chunks/1y1v_next_dist_1krwcwl._.js:1226
[     226ms] [INFO] %cDownload the React DevTools for a better development experience: https://react.dev/link/react-devtools font-weight:bold @ http://localhost:3000/_next/static/chunks/1yi7_react-dom_1papa4l._.js:15305
[     234ms] [LOG] [HMR] connected @ http://localhost:3000/_next/static/chunks/1y1v_next_dist_1krwcwl._.js:1226
[     234ms] [WARNING] [HMR] Invalid message: {"type":"isrManifest","data":{"/app/matches":true,"/app/job-profiles":true,"/app/signup":true,"/":true}}
TypeError: Cannot read properties of undefined (reading 'components')
    at handleStaticIndicator (http://localhost:3000/_next/static/chunks/1y1v_next_dist_client_02myix4._.js:2792:46)
    at processMessage (http://localhost:3000/_next/static/chunks/1y1v_next_dist_client_02myix4._.js:2806:17)
    at http://localhost:3000/_next/static/chunks/1y1v_next_dist_client_02myix4._.js:2680:13
    at WebSocket.handleMessage (http://localhost:3000/_next/static/chunks/1y1v_next_dist_client_02myix4._.js:2325:17) @ http://localhost:3000/_next/static/chunks/1y1v_next_dist_1krwcwl._.js:1226
[    4460ms] [LOG] [Fast Refresh] rebuilding @ http://localhost:3000/_next/static/chunks/1y1v_next_dist_1krwcwl._.js:1226
[    4569ms] [LOG] [Fast Refresh] done in 210ms @ http://localhost:3000/_next/static/chunks/1y1v_next_dist_1krwcwl._.js:1226
[  213498ms] [LOG] [Fast Refresh] rebuilding @ http://localhost:3000/_next/static/chunks/1y1v_next_dist_1krwcwl._.js:1226
[  213603ms] [LOG] [Fast Refresh] done in 103ms @ http://localhost:3000/_next/static/chunks/1y1v_next_dist_1krwcwl._.js:1226
[  390001ms] [LOG] [Fast Refresh] rebuilding @ http://localhost:3000/_next/static/chunks/1y1v_next_dist_1krwcwl._.js:1226
[  390082ms] [LOG] [Fast Refresh] done in 108ms @ http://localhost:3000/_next/static/chunks/1y1v_next_dist_1krwcwl._.js:1226
[  403499ms] [LOG] [Fast Refresh] rebuilding @ http://localhost:3000/_next/static/chunks/1y1v_next_dist_1krwcwl._.js:1226
[  403568ms] [LOG] [Fast Refresh] done in 28ms @ http://localhost:3000/_next/static/chunks/1y1v_next_dist_1krwcwl._.js:1226
[  412432ms] [LOG] [Fast Refresh] rebuilding @ http://localhost:3000/_next/static/chunks/1y1v_next_dist_1krwcwl._.js:1226
[  412742ms] [LOG] [Fast Refresh] done in 286ms @ http://localhost:3000/_next/static/chunks/1y1v_next_dist_1krwcwl._.js:1226
[  421577ms] [LOG] [Fast Refresh] rebuilding @ http://localhost:3000/_next/static/chunks/1y1v_next_dist_1krwcwl._.js:1226
[  422141ms] [LOG] [Fast Refresh] done in 665ms @ http://localhost:3000/_next/static/chunks/1y1v_next_dist_1krwcwl._.js:1226
